
> website-frontend-production@0.1.0 build
> next build

node.exe :  ΓÜá Warning: Found multiple lockfiles. Selecting 
C:\Users\jeffr\Documents\Screenwriter\project\package-lock.json.
At C:\Program Files\nodejs\npm.ps1:29 char:3
+   & $NODE_EXE $NPM_CLI_JS $args
+   ~~~~~~~~~~~~~~~~~~~~~~~~~~~~~
    + CategoryInfo          : NotSpecified: ( ΓÜá Warning: F...kage-lock.json. 
   :String) [], RemoteException
    + FullyQualifiedErrorId : NativeCommandError
 
   Consider removing the lockfiles at:
   * C:\Users\jeffr\Documents\Screenwriter\project\website-frontend-production\
package-lock.json

   Γû▓ Next.js 15.4.6
   - Environments: .env.local

   Creating an optimized production build ...
/*! ≡ƒî╝ daisyUI 5.0.50 */
 Γ£ô Compiled successfully in 34.0s
   Linting and checking validity of types ...

Failed to compile.

./app/api/admin/voice-consents/route.js
14:8  Warning: 'User' is defined but never used.  no-unused-vars
20:24  Warning: 'userId' is defined but never used.  no-unused-vars

./app/api/admin/voice-consents/[id]/route.js
19:24  Warning: 'userId' is defined but never used.  no-unused-vars

./app/api/cron/voice-retention/route.js
205:27  Warning: 'req' is defined but never used.  no-unused-vars

./app/api/cron/voice-retention-warnings/route.js
189:27  Warning: 'req' is defined but never used.  no-unused-vars

./app/blog/_assets/content.js
1:8  Warning: 'Image' is defined but never used.  no-unused-vars

./app/dashboard/page.js
16:3  Warning: 'TrendingUp' is defined but never used.  no-unused-vars
34:6  Warning: React Hook useEffect has missing dependencies: 
'checkFirstVisit' and 'fetchDashboardData'. Either include them or remove the 
dependency array.  react-hooks/exhaustive-deps

./app/editor/page.js
81:6  Warning: React Hook useEffect has missing dependencies: 'loadProject' 
and 'user?.fullName'. Either include them or remove the dependency array.  
react-hooks/exhaustive-deps
175:6  Warning: React Hook useEffect has a missing dependency: 'handleSave'. 
Either include it or remove the dependency array.  react-hooks/exhaustive-deps
209:6  Warning: React Hook useEffect has missing dependencies: 
'handleExportPDF' and 'handleSave'. Either include them or remove the 
dependency array.  react-hooks/exhaustive-deps

./app/help/fountain-format/page.js
77:15  Error: `'` can be escaped with `&apos;`, `&lsquo;`, `&#39;`, `&rsquo;`. 
 react/no-unescaped-entities
77:82  Error: `'` can be escaped with `&apos;`, `&lsquo;`, `&#39;`, `&rsquo;`. 
 react/no-unescaped-entities
100:31  Error: `'` can be escaped with `&apos;`, `&lsquo;`, `&#39;`, 
`&rsquo;`.  react/no-unescaped-entities
134:39  Error: `'` can be escaped with `&apos;`, `&lsquo;`, `&#39;`, 
`&rsquo;`.  react/no-unescaped-entities
367:31  Error: `'` can be escaped with `&apos;`, `&lsquo;`, `&#39;`, 
`&rsquo;`.  react/no-unescaped-entities

./app/page.js
2:8  Warning: 'Image' is defined but never used.  no-unused-vars

./app/workflows/page.js
14:3  Warning: 'getWorkflowsByLevel' is defined but never used.  no-unused-vars
61:6  Warning: React Hook useEffect has a missing dependency: 'loadWorkflows'. 
Either include it or remove the dependency array.  react-hooks/exhaustive-deps
177:13  Warning: 'response' is assigned a value but never used.  no-unused-vars

./components/admin/AdminAffiliateDashboard.js
15:3  Warning: 'Filter' is defined but never used.  no-unused-vars
37:6  Warning: React Hook useEffect has a missing dependency: 
'fetchDashboardData'. Either include it or remove the dependency array.  
react-hooks/exhaustive-deps

./components/admin/AdminRevenueDashboard.js
11:3  Warning: 'ArrowUp' is defined but never used.  no-unused-vars
12:3  Warning: 'ArrowDown' is defined but never used.  no-unused-vars

./components/admin/AdminSettingsDashboard.js
6:3  Warning: 'Settings' is defined but never used.  no-unused-vars
28:10  Warning: 'envVars' is assigned a value but never used.  no-unused-vars

./components/admin/AdminUsersDashboard.js
8:3  Warning: 'Filter' is defined but never used.  no-unused-vars
11:3  Warning: 'Ban' is defined but never used.  no-unused-vars
12:3  Warning: 'Check' is defined but never used.  no-unused-vars
13:3  Warning: 'X' is defined but never used.  no-unused-vars
41:10  Warning: 'showEditModal' is assigned a value but never used.  
no-unused-vars
41:25  Warning: 'setShowEditModal' is assigned a value but never used.  
no-unused-vars
47:6  Warning: React Hook useEffect has a missing dependency: 'fetchUsers'. 
Either include it or remove the dependency array.  react-hooks/exhaustive-deps
72:49  Warning: 'adjustment' is defined but never used.  no-unused-vars

./components/admin/AdminVoiceConsentDashboard.js
4:44  Warning: 'Filter' is defined but never used.  no-unused-vars
4:52  Warning: 'Calendar' is defined but never used.  no-unused-vars
4:62  Warning: 'User' is defined but never used.  no-unused-vars
43:6  Warning: React Hook useEffect has a missing dependency: 'loadConsents'. 
Either include it or remove the dependency array.  react-hooks/exhaustive-deps
170:9  Warning: 'formatDateTime' is assigned a value but never used.  
no-unused-vars

./components/admin/WorkflowAnalyticsDashboard.js
28:6  Warning: React Hook useEffect has a missing dependency: 
'fetchAnalytics'. Either include it or remove the dependency array.  
react-hooks/exhaustive-deps

./components/AgentDrawer.js
30:9  Warning: 'desktopWidth' is assigned a value but never used.  
no-unused-vars

./components/agents/AgentDrawer.tsx
5:10  Warning: 'Z_INDEX' is defined but never used.  no-unused-vars
12:21  Warning: 'text' is defined but never used.  no-unused-vars

./components/agents/ChatContext.tsx
289:18  Warning: 'message' is defined but never used.  no-unused-vars
290:19  Warning: 'messages' is defined but never used.  no-unused-vars
294:20  Warning: 'isStreaming' is defined but never used.  no-unused-vars
294:42  Warning: 'streamingText' is defined but never used.  no-unused-vars
297:15  Warning: 'mode' is defined but never used.  no-unused-vars
298:16  Warning: 'model' is defined but never used.  no-unused-vars
301:16  Warning: 'input' is defined but never used.  no-unused-vars
302:22  Warning: 'placeholder' is defined but never used.  no-unused-vars
303:24  Warning: 'files' is defined but never used.  no-unused-vars
304:23  Warning: 'file' is defined but never used.  no-unused-vars
305:26  Warning: 'index' is defined but never used.  no-unused-vars
308:30  Warning: 'text' is defined but never used.  no-unused-vars
308:51  Warning: 'range' is defined but never used.  no-unused-vars
309:23  Warning: 'context' is defined but never used.  no-unused-vars
310:22  Warning: 'context' is defined but never used.  no-unused-vars
311:25  Warning: 'enabled' is defined but never used.  no-unused-vars
312:27  Warning: 'was' is defined but never used.  no-unused-vars
316:19  Warning: 'workflow' is defined but never used.  no-unused-vars
317:29  Warning: 'data' is defined but never used.  no-unused-vars
321:30  Warning: 'entity' is defined but never used.  no-unused-vars

./components/agents/DialogueContextSelector.tsx
36:21  Warning: 'context' is defined but never used.  no-unused-vars

./components/agents/DirectorPanel.tsx
8:17  Warning: 'text' is defined but never used.  no-unused-vars

./components/agents/EditorPanel.tsx
8:17  Warning: 'text' is defined but never used.  no-unused-vars

./components/agents/ImagePanel.tsx
110:25  Warning: Using `<img>` could result in slower LCP and higher 
bandwidth. Consider using `<Image />` from `next/image` or a custom image 
loader to automatically optimize images. This may incur additional usage or 
cost from your provider. See: https://nextjs.org/docs/messages/no-img-element  
@next/next/no-img-element

./components/AssetBrowser.js
24:3  Warning: 'Filter' is defined but never used.  no-unused-vars
25:3  Warning: 'Download' is defined but never used.  no-unused-vars
26:3  Warning: 'Eye' is defined but never used.  no-unused-vars
28:3  Warning: 'Calendar' is defined but never used.  no-unused-vars
55:6  Warning: React Hook useEffect has a missing dependency: 'loadAssets'. 
Either include it or remove the dependency array.  react-hooks/exhaustive-deps
60:6  Warning: React Hook useEffect has a missing dependency: 'filterAssets'. 
Either include it or remove the dependency array.  react-hooks/exhaustive-deps

./components/audio/AudioInterviewWizard.tsx
29:3  Warning: 'Play' is defined but never used.  no-unused-vars
30:3  Warning: 'Download' is defined but never used.  no-unused-vars
34:3  Warning: 'AlertCircle' is defined but never used.  no-unused-vars
110:16  Warning: 'result' is defined but never used.  no-unused-vars
135:10  Warning: 'error' is assigned a value but never used.  no-unused-vars
142:6  Warning: React Hook useEffect has a missing dependency: 'loadTemplate'. 
Either include it or remove the dependency array.  react-hooks/exhaustive-deps
495:59  Warning: 'mode' is defined but never used.  no-unused-vars
579:14  Warning: 'value' is defined but never used.  no-unused-vars
659:40  Warning: 'template' is defined but never used.  no-unused-vars

./components/audio/AudioStudioGuideComponents.tsx
652:1  Warning: Assign object to a variable before exporting as module default 
 import/no-anonymous-default-export

./components/audio/AudioWorkspace.tsx
34:19  Warning: 'values' is defined but never used.  no-unused-vars
314:21  Warning: 'value' is defined but never used.  no-unused-vars
315:15  Warning: 'result' is defined but never used.  no-unused-vars
316:14  Warning: 'error' is defined but never used.  no-unused-vars
1208:60  Warning: 'setResult' is defined but never used.  no-unused-vars
1455:44  Warning: 'index' is defined but never used.  no-unused-vars

./components/audio/ElevenLabsConnectionModal.tsx
21:17  Warning: 'voiceCount' is defined but never used.  no-unused-vars

./components/audio/QuestionInputs.tsx
34:14  Warning: 'value' is defined but never used.  no-unused-vars
71:14  Warning: 'value' is defined but never used.  no-unused-vars
136:14  Warning: 'value' is defined but never used.  no-unused-vars
160:14  Warning: 'value' is defined but never used.  no-unused-vars
187:14  Warning: 'value' is defined but never used.  no-unused-vars
255:14  Warning: 'value' is defined but never used.  no-unused-vars

./components/CloudSavePrompt.js
170:19  Warning: Using `<img>` could result in slower LCP and higher 
bandwidth. Consider using `<Image />` from `next/image` or a custom image 
loader to automatically optimize images. This may incur additional usage or 
cost from your provider. See: https://nextjs.org/docs/messages/no-img-element  
@next/next/no-img-element

./components/CollaborationPanel.js
140:23  Warning: Using `<img>` could result in slower LCP and higher 
bandwidth. Consider using `<Image />` from `next/image` or a custom image 
loader to automatically optimize images. This may incur additional usage or 
cost from your provider. See: https://nextjs.org/docs/messages/no-img-element  
@next/next/no-img-element

./components/composition/AnimationSelector.tsx
26:23  Warning: 'animationId' is defined but never used.  no-unused-vars

./components/composition/CompositionGallery.tsx
38:6  Warning: React Hook useEffect has a missing dependency: 
'fetchCompositions'. Either include it or remove the dependency array.  
react-hooks/exhaustive-deps
132:17  Warning: Using `<img>` could result in slower LCP and higher 
bandwidth. Consider using `<Image />` from `next/image` or a custom image 
loader to automatically optimize images. This may incur additional usage or 
cost from your provider. See: https://nextjs.org/docs/messages/no-img-element  
@next/next/no-img-element

./components/composition/CompositionStudio.tsx
39:10  Warning: 'MusicLibrary' is defined but never used.  no-unused-vars

./components/composition/LayoutBuilder.tsx
9:28  Warning: 'useEffect' is defined but never used.  no-unused-vars
27:3  Warning: 'Move' is defined but never used.  no-unused-vars
81:12  Warning: 'layout' is defined but never used.  no-unused-vars
82:12  Warning: 'layout' is defined but never used.  no-unused-vars

./components/composition/LayoutSelector.tsx
29:20  Warning: 'layoutId' is defined but never used.  no-unused-vars
82:11  Warning: 'regions' is assigned a value but never used.  no-unused-vars

./components/composition/MobileCompositionBanner.tsx
14:10  Warning: 'AlertCircle' is defined but never used.  no-unused-vars

./components/composition/PacingSelector.tsx
26:20  Warning: 'pacingId' is defined but never used.  no-unused-vars

./components/CreditUpsellModal.js
20:11  Warning: 'user' is assigned a value but never used.  no-unused-vars

./components/FolderTreeVisualization.js
17:12  Warning: 'ImageIcon' is defined but never used.  no-unused-vars
18:3  Warning: 'Music' is defined but never used.  no-unused-vars
19:3  Warning: 'Video' is defined but never used.  no-unused-vars
20:3  Warning: 'Box' is defined but never used.  no-unused-vars
21:3  Warning: 'Mic' is defined but never used.  no-unused-vars

./components/images/CameraCaptureModal.tsx
10:15  Warning: 'blob' is defined but never used.  no-unused-vars
10:27  Warning: 'dataUrl' is defined but never used.  no-unused-vars
20:5  Warning: 'stopCamera' is assigned a value but never used.  no-unused-vars

./components/images/ImageActionDialog.tsx
73:21  Warning: Using `<img>` could result in slower LCP and higher bandwidth. 
Consider using `<Image />` from `next/image` or a custom image loader to 
automatically optimize images. This may incur additional usage or cost from 
your provider. See: https://nextjs.org/docs/messages/no-img-element  
@next/next/no-img-element

./components/images/ImageAssociationDialog.tsx
6:15  Warning: 'Character' is defined but never used.  no-unused-vars
6:26  Warning: 'Location' is defined but never used.  no-unused-vars
6:43  Warning: 'StoryBeat' is defined but never used.  no-unused-vars
15:20  Warning: 'entityType' is defined but never used.  no-unused-vars
15:40  Warning: 'entityId' is defined but never used.  no-unused-vars
15:58  Warning: 'entityName' is defined but never used.  no-unused-vars
170:29  Warning: Using `<img>` could result in slower LCP and higher 
bandwidth. Consider using `<Image />` from `next/image` or a custom image 
loader to automatically optimize images. This may incur additional usage or 
cost from your provider. See: https://nextjs.org/docs/messages/no-img-element  
@next/next/no-img-element

./components/images/ImageEditedActionDialog.tsx
48:25  Warning: Using `<img>` could result in slower LCP and higher bandwidth. 
Consider using `<Image />` from `next/image` or a custom image loader to 
automatically optimize images. This may incur additional usage or cost from 
your provider. See: https://nextjs.org/docs/messages/no-img-element  
@next/next/no-img-element

./components/images/ImageGallery.tsx
14:20  Warning: 'imageAsset' is defined but never used.  no-unused-vars
14:44  Warning: 'index' is defined but never used.  no-unused-vars
15:22  Warning: 'index' is defined but never used.  no-unused-vars
134:25  Warning: Using `<img>` could result in slower LCP and higher 
bandwidth. Consider using `<Image />` from `next/image` or a custom image 
loader to automatically optimize images. This may incur additional usage or 
cost from your provider. See: https://nextjs.org/docs/messages/no-img-element  
@next/next/no-img-element
228:25  Warning: Using `<img>` could result in slower LCP and higher 
bandwidth. Consider using `<Image />` from `next/image` or a custom image 
loader to automatically optimize images. This may incur additional usage or 
cost from your provider. See: https://nextjs.org/docs/messages/no-img-element  
@next/next/no-img-element

./components/images/ImageSourceDialog.tsx
15:32  Warning: 'modelId' is defined but never used.  no-unused-vars
15:50  Warning: 'entityContext' is defined but never used.  no-unused-vars

./components/layout/MobileNavigationMenu.tsx
6:5  Warning: 'Film' is defined but never used.  no-unused-vars
20:18  Warning: 'view' is defined but never used.  no-unused-vars

./components/layout/ResponsiveHeader.tsx
6:19  Warning: 'ChevronDown' is defined but never used.  no-unused-vars
6:82  Warning: 'History' is defined but never used.  no-unused-vars

./components/layout/UnifiedMobileNav.tsx
42:3  Warning: 'pageContext' is assigned a value but never used.  
no-unused-vars
44:3  Warning: 'onMoreMenuOpen' is defined but never used.  no-unused-vars
78:9  Warning: 'moreItems' is assigned a value but never used.  no-unused-vars

./components/media/MediaGallery.tsx
4:66  Warning: 'Filter' is defined but never used.  no-unused-vars
24:15  Warning: 'item' is defined but never used.  no-unused-vars
25:22  Warning: 'item' is defined but never used.  no-unused-vars
26:25  Warning: 'item' is defined but never used.  no-unused-vars
55:6  Warning: React Hook useEffect has a missing dependency: 'filterMedia'. 
Either include it or remove the dependency array.  react-hooks/exhaustive-deps
286:25  Warning: Using `<img>` could result in slower LCP and higher 
bandwidth. Consider using `<Image />` from `next/image` or a custom image 
loader to automatically optimize images. This may incur additional usage or 
cost from your provider. See: https://nextjs.org/docs/messages/no-img-element  
@next/next/no-img-element
338:27  Warning: Using `<img>` could result in slower LCP and higher 
bandwidth. Consider using `<Image />` from `next/image` or a custom image 
loader to automatically optimize images. This may incur additional usage or 
cost from your provider. See: https://nextjs.org/docs/messages/no-img-element  
@next/next/no-img-element
480:17  Warning: Using `<img>` could result in slower LCP and higher 
bandwidth. Consider using `<Image />` from `next/image` or a custom image 
loader to automatically optimize images. This may incur additional usage or 
cost from your provider. See: https://nextjs.org/docs/messages/no-img-element  
@next/next/no-img-element

./components/media/PostGenerationDialog.tsx
4:10  Warning: 'Button' is defined but never used.  no-unused-vars
48:13  Warning: Using `<img>` could result in slower LCP and higher bandwidth. 
Consider using `<Image />` from `next/image` or a custom image loader to 
automatically optimize images. This may incur additional usage or cost from 
your provider. See: https://nextjs.org/docs/messages/no-img-element  
@next/next/no-img-element

./components/modes/AudioModePanel.js
5:26  Warning: 'Sparkles' is defined but never used.  no-unused-vars

./components/modes/ChatModePanel.js
26:9  Warning: 'handleSend' is assigned a value but never used.  no-unused-vars

./components/modes/DialogueModePanel.js
5:25  Warning: 'Mic' is defined but never used.  no-unused-vars
8:37  Warning: 'onInsert' is defined but never used.  no-unused-vars

./components/modes/DirectorModePanel.js
6:10  Warning: 'Film' is defined but never used.  no-unused-vars

./components/modes/ImageModePanel.js
198:23  Warning: Using `<img>` could result in slower LCP and higher 
bandwidth. Consider using `<Image />` from `next/image` or a custom image 
loader to automatically optimize images. This may incur additional usage or 
cost from your provider. See: https://nextjs.org/docs/messages/no-img-element  
@next/next/no-img-element

./components/modes/SceneVisualizerModePanel.js
31:44  Warning: 'onInsert' is defined but never used.  no-unused-vars
31:54  Warning: 'onWorkflowComplete' is defined but never used.  no-unused-vars
36:10  Warning: 'selectedWorkflow' is assigned a value but never used.  
no-unused-vars
37:24  Warning: 'setIsGenerating' is assigned a value but never used.  
no-unused-vars
55:6  Warning: React Hook useEffect has a missing dependency: 
'fetchWorkflows'. Either include it or remove the dependency array.  
react-hooks/exhaustive-deps

./components/modes/TryOnModePanel.js
9:34  Warning: 'onInsert' is defined but never used.  no-unused-vars
18:10  Warning: 'results' is assigned a value but never used.  no-unused-vars
102:9  Warning: 'handleCloudImageSelected' is assigned a value but never used. 
 no-unused-vars
195:14  Warning: 'error' is defined but never used.  no-unused-vars
213:14  Warning: 'error' is defined but never used.  no-unused-vars
243:15  Warning: Using `<img>` could result in slower LCP and higher 
bandwidth. Consider using `<Image />` from `next/image` or a custom image 
loader to automatically optimize images. This may incur additional usage or 
cost from your provider. See: https://nextjs.org/docs/messages/no-img-element  
@next/next/no-img-element
304:15  Warning: Using `<img>` could result in slower LCP and higher 
bandwidth. Consider using `<Image />` from `next/image` or a custom image 
loader to automatically optimize images. This may incur additional usage or 
cost from your provider. See: https://nextjs.org/docs/messages/no-img-element  
@next/next/no-img-element
429:25  Warning: Using `<img>` could result in slower LCP and higher 
bandwidth. Consider using `<Image />` from `next/image` or a custom image 
loader to automatically optimize images. This may incur additional usage or 
cost from your provider. See: https://nextjs.org/docs/messages/no-img-element  
@next/next/no-img-element

./components/modes/VideoModePanel.js
8:10  Warning: 'CloudSavePrompt' is defined but never used.  no-unused-vars
13:10  Warning: 'generatedVideo' is assigned a value but never used.  
no-unused-vars
32:10  Warning: 'cloudSavePrompt' is assigned a value but never used.  
no-unused-vars
32:27  Warning: 'setCloudSavePrompt' is assigned a value but never used.  
no-unused-vars
276:17  Warning: Using `<img>` could result in slower LCP and higher 
bandwidth. Consider using `<Image />` from `next/image` or a custom image 
loader to automatically optimize images. This may incur additional usage or 
cost from your provider. See: https://nextjs.org/docs/messages/no-img-element  
@next/next/no-img-element
309:17  Warning: Using `<img>` could result in slower LCP and higher 
bandwidth. Consider using `<Image />` from `next/image` or a custom image 
loader to automatically optimize images. This may incur additional usage or 
cost from your provider. See: https://nextjs.org/docs/messages/no-img-element  
@next/next/no-img-element
352:25  Warning: Using `<img>` could result in slower LCP and higher 
bandwidth. Consider using `<Image />` from `next/image` or a custom image 
loader to automatically optimize images. This may incur additional usage or 
cost from your provider. See: https://nextjs.org/docs/messages/no-img-element  
@next/next/no-img-element

./components/music/MusicGenerator.tsx
26:3  Warning: 'Zap' is defined but never used.  no-unused-vars
27:3  Warning: 'Crown' is defined but never used.  no-unused-vars
35:3  Warning: 'getModelBadgeColor' is defined but never used.  no-unused-vars
40:23  Warning: 'audioUrl' is defined but never used.  no-unused-vars
40:41  Warning: 'metadata' is defined but never used.  no-unused-vars

./components/music/MusicLibrary.tsx
62:20  Warning: 'track' is defined but never used.  no-unused-vars

./components/Pricing.js
1:8  Warning: 'config' is defined but never used.  no-unused-vars
2:8  Warning: 'ButtonCheckout' is defined but never used.  no-unused-vars

./components/production/CharacterBank.js
21:3  Warning: 'Eye' is defined but never used.  no-unused-vars
28:3  Warning: 'Download' is defined but never used.  no-unused-vars
29:3  Warning: 'Cloud' is defined but never used.  no-unused-vars
48:9  Warning: 'fileInputRef' is assigned a value but never used.  
no-unused-vars
237:13  Warning: 'response' is assigned a value but never used.  no-unused-vars
349:28  Warning: 'voiceData' is defined but never used.  no-unused-vars
436:17  Warning: Using `<img>` could result in slower LCP and higher 
bandwidth. Consider using `<Image />` from `next/image` or a custom image 
loader to automatically optimize images. This may incur additional usage or 
cost from your provider. See: https://nextjs.org/docs/messages/no-img-element  
@next/next/no-img-element

./components/production/CharacterBankManager.tsx
18:18  Warning: 'AnimatePresence' is defined but never used.  no-unused-vars
26:3  Warning: 'Trash2' is defined but never used.  no-unused-vars
27:3  Warning: 'Edit' is defined but never used.  no-unused-vars
73:24  Warning: 'characterId' is defined but never used.  no-unused-vars
82:10  Warning: 'createMethod' is assigned a value but never used.  
no-unused-vars
82:24  Warning: 'setCreateMethod' is assigned a value but never used.  
no-unused-vars
87:6  Warning: React Hook useEffect has a missing dependency: 
'loadCharacters'. Either include it or remove the dependency array.  
react-hooks/exhaustive-deps
241:11  Warning: Using `<img>` could result in slower LCP and higher 
bandwidth. Consider using `<Image />` from `next/image` or a custom image 
loader to automatically optimize images. This may incur additional usage or 
cost from your provider. See: https://nextjs.org/docs/messages/no-img-element  
@next/next/no-img-element
343:15  Warning: Using `<img>` could result in slower LCP and higher 
bandwidth. Consider using `<Image />` from `next/image` or a custom image 
loader to automatically optimize images. This may incur additional usage or 
cost from your provider. See: https://nextjs.org/docs/messages/no-img-element  
@next/next/no-img-element
500:9  Warning: Using `<img>` could result in slower LCP and higher bandwidth. 
Consider using `<Image />` from `next/image` or a custom image loader to 
automatically optimize images. This may incur additional usage or cost from 
your provider. See: https://nextjs.org/docs/messages/no-img-element  
@next/next/no-img-element
716:21  Warning: Using `<img>` could result in slower LCP and higher 
bandwidth. Consider using `<Image />` from `next/image` or a custom image 
loader to automatically optimize images. This may incur additional usage or 
cost from your provider. See: https://nextjs.org/docs/messages/no-img-element  
@next/next/no-img-element

./components/production/CharacterBankPanel.tsx
18:12  Warning: 'ImageIcon' is defined but never used.  no-unused-vars
21:3  Warning: 'Eye' is defined but never used.  no-unused-vars
22:3  Warning: 'Trash2' is defined but never used.  no-unused-vars
218:23  Warning: Using `<img>` could result in slower LCP and higher 
bandwidth. Consider using `<Image />` from `next/image` or a custom image 
loader to automatically optimize images. This may incur additional usage or 
cost from your provider. See: https://nextjs.org/docs/messages/no-img-element  
@next/next/no-img-element
255:27  Warning: Using `<img>` could result in slower LCP and higher 
bandwidth. Consider using `<Image />` from `next/image` or a custom image 
loader to automatically optimize images. This may incur additional usage or 
cost from your provider. See: https://nextjs.org/docs/messages/no-img-element  
@next/next/no-img-element

./components/production/ClipGenerationPanel.tsx
40:18  Warning: 'step' is defined but never used.  no-unused-vars
42:24  Warning: 'clipIndex' is defined but never used.  no-unused-vars
42:43  Warning: 'updates' is defined but never used.  no-unused-vars
303:24  Warning: 'clipIndex' is defined but never used.  no-unused-vars
303:43  Warning: 'updates' is defined but never used.  no-unused-vars
403:14  Warning: 'updates' is defined but never used.  no-unused-vars

./components/production/ClipUploadCard.tsx
22:3  Warning: 'Film' is defined but never used.  no-unused-vars
26:3  Warning: 'ImageIcon' is defined but never used.  no-unused-vars
65:14  Warning: 'file' is defined but never used.  no-unused-vars
205:21  Warning: Using `<img>` could result in slower LCP and higher 
bandwidth. Consider using `<Image />` from `next/image` or a custom image 
loader to automatically optimize images. This may incur additional usage or 
cost from your provider. See: https://nextjs.org/docs/messages/no-img-element  
@next/next/no-img-element
256:19  Warning: Using `<img>` could result in slower LCP and higher 
bandwidth. Consider using `<Image />` from `next/image` or a custom image 
loader to automatically optimize images. This may incur additional usage or 
cost from your provider. See: https://nextjs.org/docs/messages/no-img-element  
@next/next/no-img-element

./components/production/MediaUploadSlot.tsx
55:14  Warning: 'file' is defined but never used.  no-unused-vars
180:15  Warning: Using `<img>` could result in slower LCP and higher 
bandwidth. Consider using `<Image />` from `next/image` or a custom image 
loader to automatically optimize images. This may incur additional usage or 
cost from your provider. See: https://nextjs.org/docs/messages/no-img-element  
@next/next/no-img-element

./components/production/MobileSceneBuilderPanel.tsx
20:37  Warning: 'Upload' is defined but never used.  no-unused-vars
20:45  Warning: 'Clock' is defined but never used.  no-unused-vars
21:3  Warning: 'Plus' is defined but never used.  no-unused-vars
58:6  Warning: React Hook useEffect has a missing dependency: 
'loadCharacters'. Either include it or remove the dependency array.  
react-hooks/exhaustive-deps
134:14  Warning: 'error' is defined but never used.  no-unused-vars

./components/production/MobileWorkflowSelector.tsx
13:33  Warning: 'Tag' is defined but never used.  no-unused-vars

./components/production/PipelineHelpModal.tsx
32:3  Warning: 'ArrowRight' is defined but never used.  no-unused-vars
48:3  Warning: 'currentStage' is assigned a value but never used.  
no-unused-vars
49:3  Warning: 'userPlan' is assigned a value but never used.  no-unused-vars

./components/production/ProductionJobsPanel.tsx
13:30  Warning: 'ChevronDown' is defined but never used.  no-unused-vars
77:6  Warning: React Hook useEffect has a missing dependency: 'loadJobs'. 
Either include it or remove the dependency array.  react-hooks/exhaustive-deps
96:6  Warning: React Hook useEffect has a missing dependency: 'loadJobs'. 
Either include it or remove the dependency array.  react-hooks/exhaustive-deps
101:30  Warning: 'jobId' is defined but never used.  no-unused-vars
124:14  Warning: 'error' is defined but never used.  no-unused-vars

./components/production/ProductionPageLayout.tsx
21:26  Warning: 'Character' is defined but never used.  no-unused-vars
26:10  Warning: 'SceneBuilderPanel' is defined but never used.  no-unused-vars
164:6  Warning: React Hook useEffect has a missing dependency: 
'loadCharacters'. Either include it or remove the dependency array.  
react-hooks/exhaustive-deps
216:6  Warning: React Hook useEffect has missing dependencies: 
'continueGeneration' and 'videoGeneration'. Either include them or remove the 
dependency array.  react-hooks/exhaustive-deps
228:6  Warning: React Hook useEffect has a missing dependency: 
'loadAISuggestion'. Either include it or remove the dependency array.  
react-hooks/exhaustive-deps

./components/production/ProductionPipelineNavigator.tsx
13:10  Warning: 'Badge' is defined but never used.  no-unused-vars
84:19  Warning: 'stage' is defined but never used.  no-unused-vars

./components/production/ProductionStudio.tsx
30:23  Warning: 'setProjectName' is assigned a value but never used.  
no-unused-vars
45:9  Warning: 'handleShotListComplete' is assigned a value but never used.  
no-unused-vars
51:9  Warning: 'handleTimelineReady' is assigned a value but never used.  
no-unused-vars
56:9  Warning: 'handleCompositionComplete' is assigned a value but never used. 
 no-unused-vars
81:45  Warning: 'quality' is defined but never used.  no-unused-vars
81:54  Warning: 'resolution' is defined but never used.  no-unused-vars
81:66  Warning: 'useFastMode' is defined but never used.  no-unused-vars
81:79  Warning: 'useVideoExtension' is defined but never used.  no-unused-vars
81:98  Warning: 'preferredModel' is defined but never used.  no-unused-vars

./components/production/ProductionTabBar.tsx
14:10  Warning: 'Film' is defined but never used.  no-unused-vars
21:17  Warning: 'tab' is defined but never used.  no-unused-vars

./components/production/SceneBuilderPanel.tsx
20:18  Warning: 'AnimatePresence' is defined but never used.  no-unused-vars
25:3  Warning: 'Play' is defined but never used.  no-unused-vars
26:3  Warning: 'Clock' is defined but never used.  no-unused-vars
28:3  Warning: 'CheckCircle2' is defined but never used.  no-unused-vars
32:3  Warning: 'Trash2' is defined but never used.  no-unused-vars
33:3  Warning: 'RefreshCw' is defined but never used.  no-unused-vars
43:10  Warning: 'Progress' is defined but never used.  no-unused-vars
58:23  Warning: 'videos' is defined but never used.  no-unused-vars
142:6  Warning: React Hook useEffect has a missing dependency: 'loadHistory'. 
Either include it or remove the dependency array.  react-hooks/exhaustive-deps
186:6  Warning: React Hook useEffect has a missing dependency: 
'handleGenerationComplete'. Either include it or remove the dependency array.  
react-hooks/exhaustive-deps
650:35  Warning: 'execution' is defined but never used.  no-unused-vars
740:29  Warning: Using `<img>` could result in slower LCP and higher 
bandwidth. Consider using `<Image />` from `next/image` or a custom image 
loader to automatically optimize images. This may incur additional usage or 
cost from your provider. See: https://nextjs.org/docs/messages/no-img-element  
@next/next/no-img-element
1020:29  Warning: Using `<img>` could result in slower LCP and higher 
bandwidth. Consider using `<Image />` from `next/image` or a custom image 
loader to automatically optimize images. This may incur additional usage or 
cost from your provider. See: https://nextjs.org/docs/messages/no-img-element  
@next/next/no-img-element

./components/production/SceneToVideoPanel.tsx
37:3  Warning: 'ChevronLeft' is defined but never used.  no-unused-vars
38:3  Warning: 'ChevronRight' is defined but never used.  no-unused-vars
57:25  Warning: 'prompts' is defined but never used.  no-unused-vars
58:24  Warning: 'videos' is defined but never used.  no-unused-vars
218:35  Warning: 'index' is defined but never used.  no-unused-vars

./components/production/StoryBeatProductionPanel.tsx
27:3  Warning: 'Wand2' is defined but never used.  no-unused-vars
30:3  Warning: 'Clock' is defined but never used.  no-unused-vars
35:3  Warning: 'Plus' is defined but never used.  no-unused-vars
37:3  Warning: 'Trash2' is defined but never used.  no-unused-vars
38:3  Warning: 'Download' is defined but never used.  no-unused-vars
39:3  Warning: 'Eye' is defined but never used.  no-unused-vars
41:3  Warning: 'Maximize2' is defined but never used.  no-unused-vars
42:3  Warning: 'Camera' is defined but never used.  no-unused-vars
43:12  Warning: 'ImageIcon' is defined but never used.  no-unused-vars
45:3  Warning: 'Film' is defined but never used.  no-unused-vars
51:10  Warning: 'Dialog' is defined but never used.  no-unused-vars
51:18  Warning: 'DialogContent' is defined but never used.  no-unused-vars
51:33  Warning: 'DialogHeader' is defined but never used.  no-unused-vars
51:47  Warning: 'DialogTitle' is defined but never used.  no-unused-vars
51:60  Warning: 'DialogDescription' is defined but never used.  no-unused-vars
52:10  Warning: 'Select' is defined but never used.  no-unused-vars
52:18  Warning: 'SelectContent' is defined but never used.  no-unused-vars
52:33  Warning: 'SelectItem' is defined but never used.  no-unused-vars
52:45  Warning: 'SelectTrigger' is defined but never used.  no-unused-vars
52:60  Warning: 'SelectValue' is defined but never used.  no-unused-vars
53:10  Warning: 'Input' is defined but never used.  no-unused-vars
54:10  Warning: 'Label' is defined but never used.  no-unused-vars
55:10  Warning: 'Textarea' is defined but never used.  no-unused-vars
59:10  Warning: 'SceneBuilderProgress' is defined but never used.  
no-unused-vars
60:10  Warning: 'SceneBuilderDecisionModal' is defined but never used.  
no-unused-vars
123:52  Warning: 'projectId' is defined but never used.  no-unused-vars
127:10  Warning: 'showTemplateDialog' is assigned a value but never used.  
no-unused-vars
128:10  Warning: 'showGenerateDialog' is assigned a value but never used.  
no-unused-vars
128:30  Warning: 'setShowGenerateDialog' is assigned a value but never used.  
no-unused-vars
130:10  Warning: 'generatingClips' is assigned a value but never used.  
no-unused-vars
130:27  Warning: 'setGeneratingClips' is assigned a value but never used.  
no-unused-vars
408:32  Warning: 'setCharacterAssignments' is assigned a value but never used. 
 no-unused-vars
413:10  Warning: 'workflowExecutionId' is assigned a value but never used.  
no-unused-vars
413:31  Warning: 'setWorkflowExecutionId' is assigned a value but never used.  
no-unused-vars
414:10  Warning: 'workflowStatus' is assigned a value but never used.  
no-unused-vars
414:26  Warning: 'setWorkflowStatus' is assigned a value but never used.  
no-unused-vars
415:10  Warning: 'showDecisionModal' is assigned a value but never used.  
no-unused-vars
415:29  Warning: 'setShowDecisionModal' is assigned a value but never used.  
no-unused-vars
420:6  Warning: React Hook useEffect has a missing dependency: 
'loadAISuggestion'. Either include it or remove the dependency array.  
react-hooks/exhaustive-deps

./components/production/StoryBeatsPanel.tsx
22:18  Warning: 'beatId' is defined but never used.  no-unused-vars
119:27  Warning: 'beatIndex' is defined but never used.  no-unused-vars

./components/production/TemplateCard.tsx
22:3  Warning: 'Zap' is defined but never used.  no-unused-vars
25:3  Warning: 'Percent' is defined but never used.  no-unused-vars

./components/production/VoiceProfileModal.js
4:46  Warning: 'Upload' is defined but never used.  no-unused-vars
88:14  Warning: 'error' is defined but never used.  no-unused-vars

./components/production/WorkflowInputForm.tsx
20:14  Warning: 'inputs' is defined but never used.  no-unused-vars
37:3  Warning: 'projectId' is defined but never used.  no-unused-vars
244:17  Warning: Using `<img>` could result in slower LCP and higher 
bandwidth. Consider using `<Image />` from `next/image` or a custom image 
loader to automatically optimize images. This may incur additional usage or 
cost from your provider. See: https://nextjs.org/docs/messages/no-img-element  
@next/next/no-img-element

./components/production/WorkflowProgressTracker.tsx
12:3  Warning: 'Film' is defined but never used.  no-unused-vars
12:18  Warning: 'ImageIcon' is defined but never used.  no-unused-vars
12:29  Warning: 'Wand2' is defined but never used.  no-unused-vars
18:16  Warning: 'results' is defined but never used.  no-unused-vars
19:13  Warning: 'error' is defined but never used.  no-unused-vars

./components/production/WorkflowResultsDisplay.tsx
288:19  Warning: Using `<img>` could result in slower LCP and higher 
bandwidth. Consider using `<Image />` from `next/image` or a custom image 
loader to automatically optimize images. This may incur additional usage or 
cost from your provider. See: https://nextjs.org/docs/messages/no-img-element  
@next/next/no-img-element

./components/screenplay/CharacterBoard.tsx
32:32  Warning: 'modelId' is defined but never used.  no-unused-vars
32:50  Warning: 'entityContext' is defined but never used.  no-unused-vars
125:11  Warning: 'handleCreate' is assigned a value but never used.  
no-unused-vars
148:11  Warning: 'handleEdit' is assigned a value but never used.  
no-unused-vars
165:54  Warning: 'characterName' is defined but never used.  no-unused-vars

./components/screenplay/CharacterDetailSidebar.tsx
14:10  Warning: 'cn' is defined but never used.  no-unused-vars
24:14  Warning: 'data' is defined but never used.  no-unused-vars
25:14  Warning: 'character' is defined but never used.  no-unused-vars
26:14  Warning: 'characterId' is defined but never used.  no-unused-vars
27:30  Warning: 'modelId' is defined but never used.  no-unused-vars
27:48  Warning: 'entityContext' is defined but never used.  no-unused-vars
28:26  Warning: 'characterId' is defined but never used.  no-unused-vars

./components/screenplay/LocationBoard.tsx
25:32  Warning: 'modelId' is defined but never used.  no-unused-vars
25:50  Warning: 'entityContext' is defined but never used.  no-unused-vars
112:11  Warning: 'handleCreate' is assigned a value but never used.  
no-unused-vars
138:11  Warning: 'handleEdit' is assigned a value but never used.  
no-unused-vars
157:53  Warning: 'locationName' is defined but never used.  no-unused-vars

./components/screenplay/LocationDetailSidebar.tsx
16:14  Warning: 'data' is defined but never used.  no-unused-vars
17:14  Warning: 'location' is defined but never used.  no-unused-vars
18:14  Warning: 'locationId' is defined but never used.  no-unused-vars
19:30  Warning: 'modelId' is defined but never used.  no-unused-vars
19:48  Warning: 'entityContext' is defined but never used.  no-unused-vars

./components/screenplay/SceneDetailSidebar.tsx
5:18  Warning: 'AnimatePresence' is defined but never used.  no-unused-vars
19:14  Warning: 'beatId' is defined but never used.  no-unused-vars
19:30  Warning: 'data' is defined but never used.  no-unused-vars
20:14  Warning: 'scene' is defined but never used.  no-unused-vars
21:14  Warning: 'sceneId' is defined but never used.  no-unused-vars
22:30  Warning: 'modelId' is defined but never used.  no-unused-vars
22:48  Warning: 'entityContext' is defined but never used.  no-unused-vars

./components/screenplay/SceneVisualizerPanel.tsx
49:22  Warning: 'prompts' is defined but never used.  no-unused-vars
49:46  Warning: 'quality' is defined but never used.  no-unused-vars
49:63  Warning: 'resolution' is defined but never used.  no-unused-vars
49:83  Warning: 'useFastMode' is defined but never used.  no-unused-vars
49:106  Warning: 'useVideoExtension' is defined but never used.  no-unused-vars
49:135  Warning: 'preferredModel' is defined but never used.  no-unused-vars
50:28  Warning: 'prompt' is defined but never used.  no-unused-vars
50:49  Warning: 'index' is defined but never used.  no-unused-vars
50:64  Warning: 'quality' is defined but never used.  no-unused-vars
50:81  Warning: 'resolution' is defined but never used.  no-unused-vars
50:101  Warning: 'useFastMode' is defined but never used.  no-unused-vars
50:124  Warning: 'preferredModel' is defined but never used.  no-unused-vars
51:20  Warning: 'index' is defined but never used.  no-unused-vars
51:35  Warning: 'updatedPrompt' is defined but never used.  no-unused-vars
190:23  Warning: 'setUseFastMode' is assigned a value but never used.  
no-unused-vars
329:6  Warning: React Hook useEffect has missing dependencies: 
'onUpdatePrompt' and 'prompts'. Either include them or remove the dependency 
array. If 'onUpdatePrompt' changes too often, find the parent component that 
defines it and wrap that definition in useCallback.  
react-hooks/exhaustive-deps
727:12  Warning: 'updated' is defined but never used.  no-unused-vars

./components/screenplay/ShotListPanel.tsx
12:27  Warning: 'useEffect' is defined but never used.  no-unused-vars
13:29  Warning: 'CardHeader' is defined but never used.  no-unused-vars
13:41  Warning: 'CardTitle' is defined but never used.  no-unused-vars
13:52  Warning: 'CardDescription' is defined but never used.  no-unused-vars
18:3  Warning: 'Select' is defined but never used.  no-unused-vars
19:3  Warning: 'SelectContent' is defined but never used.  no-unused-vars
20:3  Warning: 'SelectItem' is defined but never used.  no-unused-vars
21:3  Warning: 'SelectTrigger' is defined but never used.  no-unused-vars
22:3  Warning: 'SelectValue' is defined but never used.  no-unused-vars
31:3  Warning: 'Download' is defined but never used.  no-unused-vars
77:23  Warning: 'shots' is defined but never used.  no-unused-vars
78:19  Warning: 'shotId' is defined but never used.  no-unused-vars
78:35  Warning: 'updates' is defined but never used.  no-unused-vars
80:25  Warning: 'shots' is defined but never used.  no-unused-vars
212:36  Warning: 'index' is defined but never used.  no-unused-vars
282:12  Warning: 'updates' is defined but never used.  no-unused-vars

./components/screenplay/TimelineView.tsx
8:54  Warning: 'Plus' is defined but never used.  no-unused-vars
11:17  Warning: 'StoryBeat' is defined but never used.  no-unused-vars
11:39  Warning: 'Location' is defined but never used.  no-unused-vars

./components/shared/AudioResultActions.js
183:9  Warning: 'targetFolder' is assigned a value but never used.  
no-unused-vars

./components/shared/ImageResultActions.js
161:9  Warning: 'storageProvider' is assigned a value but never used.  
no-unused-vars

./components/shared/types.ts
252:17  Warning: 'text' is defined but never used.  no-unused-vars
263:27  Warning: 'type' is defined but never used.  no-unused-vars
263:69  Warning: 'parsedData' is defined but never used.  no-unused-vars
270:17  Warning: 'text' is defined but never used.  no-unused-vars
282:27  Warning: 'type' is defined but never used.  no-unused-vars
282:69  Warning: 'parsedData' is defined but never used.  no-unused-vars

./components/storage/StorageDecisionModal.tsx
182:16  Warning: Image elements must have an alt prop, either with meaningful 
text, or an empty string for decorative images.  jsx-a11y/alt-text
233:17  Warning: Using `<img>` could result in slower LCP and higher 
bandwidth. Consider using `<Image />` from `next/image` or a custom image 
loader to automatically optimize images. This may incur additional usage or 
cost from your provider. See: https://nextjs.org/docs/messages/no-img-element  
@next/next/no-img-element

./components/timeline/AssetInfoPanel.tsx
18:19  Warning: 'metadata' is defined but never used.  no-unused-vars

./components/timeline/BeatTimelineNavigator.tsx
44:18  Warning: 'beatId' is defined but never used.  no-unused-vars
171:21  Warning: 'isFirst' is assigned a value but never used.  no-unused-vars
205:25  Warning: Using `<img>` could result in slower LCP and higher 
bandwidth. Consider using `<Image />` from `next/image` or a custom image 
loader to automatically optimize images. This may incur additional usage or 
cost from your provider. See: https://nextjs.org/docs/messages/no-img-element  
@next/next/no-img-element

./components/timeline/EnhancedTimelineEditor.tsx
28:3  Warning: 'Clock' is defined but never used.  no-unused-vars
133:37  Warning: 'index' is defined but never used.  no-unused-vars
177:6  Warning: React Hook useEffect has a missing dependency: 
'handleReplaceClips'. Either include it or remove the dependency array.  
react-hooks/exhaustive-deps
270:17  Warning: 'zoomSensitivity' is assigned a value but never used.  
no-unused-vars
421:6  Warning: React Hook useEffect has a missing dependency: 'timeline'. 
Either include it or remove the dependency array.  react-hooks/exhaustive-deps

./components/timeline/ExportModal.tsx
31:23  Warning: 'value' is defined but never used.  no-unused-vars
31:30  Warning: 'onValueChange' is defined but never used.  no-unused-vars
33:19  Warning: 'value' is defined but never used.  no-unused-vars
89:14  Warning: 'settings' is defined but never used.  no-unused-vars

./components/timeline/ExportProgressModal.tsx
68:16  Warning: 'videoUrl' is defined but never used.  no-unused-vars
68:34  Warning: 'metadata' is defined but never used.  no-unused-vars
359:28  Warning: 'index' is defined but never used.  no-unused-vars

./components/timeline/KeyframeTimeline.tsx
31:12  Warning: 'time' is defined but never used.  no-unused-vars
32:19  Warning: 'assetId' is defined but never used.  no-unused-vars
32:36  Warning: 'keyframe' is defined but never used.  no-unused-vars
33:22  Warning: 'assetId' is defined but never used.  no-unused-vars
33:39  Warning: 'index' is defined but never used.  no-unused-vars
33:54  Warning: 'updates' is defined but never used.  no-unused-vars
34:22  Warning: 'assetId' is defined but never used.  no-unused-vars
34:39  Warning: 'index' is defined but never used.  no-unused-vars
63:3  Warning: 'onUpdateKeyframe' is defined but never used.  no-unused-vars
64:3  Warning: 'onRemoveKeyframe' is defined but never used.  no-unused-vars
113:9  Warning: 'getPropertyColor' is assigned a value but never used.  
no-unused-vars

./components/timeline/LUTPicker.tsx
19:14  Warning: 'lut' is defined but never used.  no-unused-vars

./components/timeline/PropertyInspector.tsx
27:3  Warning: 'Copy' is defined but never used.  no-unused-vars
35:19  Warning: 'values' is defined but never used.  no-unused-vars
60:19  Warning: 'assetId' is defined but never used.  no-unused-vars
60:36  Warning: 'updates' is defined but never used.  no-unused-vars
61:19  Warning: 'assetId' is defined but never used.  no-unused-vars
61:36  Warning: 'keyframe' is defined but never used.  no-unused-vars
62:22  Warning: 'assetId' is defined but never used.  no-unused-vars
62:39  Warning: 'index' is defined but never used.  no-unused-vars
62:54  Warning: 'updates' is defined but never used.  no-unused-vars
63:22  Warning: 'assetId' is defined but never used.  no-unused-vars
63:39  Warning: 'index' is defined but never used.  no-unused-vars
73:3  Warning: 'onUpdateKeyframe' is defined but never used.  no-unused-vars
255:33  Warning: 'val' is defined but never used.  no-unused-vars
270:33  Warning: 'val' is defined but never used.  no-unused-vars
285:33  Warning: 'val' is defined but never used.  no-unused-vars
301:33  Warning: 'val' is defined but never used.  no-unused-vars
321:31  Warning: 'val' is defined but never used.  no-unused-vars
436:18  Warning: 'val' is defined but never used.  no-unused-vars
438:19  Warning: 'value' is defined but never used.  no-unused-vars

./components/timeline/SaveStatusIndicator.tsx
245:16  Error: `'` can be escaped with `&apos;`, `&lsquo;`, `&#39;`, 
`&rsquo;`.  react/no-unescaped-entities
248:16  Error: `'` can be escaped with `&apos;`, `&lsquo;`, `&#39;`, 
`&rsquo;`.  react/no-unescaped-entities
248:99  Error: `'` can be escaped with `&apos;`, `&lsquo;`, `&#39;`, 
`&rsquo;`.  react/no-unescaped-entities

./components/timeline/TimelineAssetComponent.tsx
19:14  Warning: 'addToSelection' is defined but never used.  no-unused-vars
21:12  Warning: 'newTrack' is defined but never used.  no-unused-vars
21:30  Warning: 'newStartTime' is defined but never used.  no-unused-vars
22:15  Warning: 'newDuration' is defined but never used.  no-unused-vars
25:19  Warning: 'metadata' is defined but never used.  no-unused-vars
26:22  Warning: 'assetId' is defined but never used.  no-unused-vars
27:15  Warning: 'assetId' is defined but never used.  no-unused-vars

./components/timeline/TimelineClipComponent.tsx
18:14  Warning: 'addToSelection' is defined but never used.  no-unused-vars
20:12  Warning: 'newTrack' is defined but never used.  no-unused-vars
20:30  Warning: 'newStartTime' is defined but never used.  no-unused-vars
21:15  Warning: 'newDuration' is defined but never used.  no-unused-vars
38:10  Warning: 'isResizing' is assigned a value but never used.  
no-unused-vars
38:22  Warning: 'setIsResizing' is assigned a value but never used.  
no-unused-vars
98:6  Warning: React Hook useEffect has a missing dependency: 'frameRate'. 
Either include it or remove the dependency array.  react-hooks/exhaustive-deps

./components/timeline/TimelineEditor.tsx
13:10  Warning: 'Card' is defined but never used.  no-unused-vars
34:3  Warning: 'Upload' is defined but never used.  no-unused-vars
105:6  Warning: React Hook useEffect has a missing dependency: 'timeline'. 
Either include it or remove the dependency array.  react-hooks/exhaustive-deps
261:6  Warning: React Hook useEffect has a missing dependency: 'timeline'. 
Either include it or remove the dependency array.  react-hooks/exhaustive-deps

./components/timeline/TrackHeader.tsx
24:21  Warning: 'volume' is defined but never used.  no-unused-vars

./components/timeline/TransitionPicker.tsx
13:10  Warning: 'Button' is defined but never used.  no-unused-vars
17:14  Warning: 'transition' is defined but never used.  no-unused-vars

./components/timeline/TransitionZone.tsx
12:25  Warning: 'Sparkles' is defined but never used.  no-unused-vars
29:3  Warning: 'beforeClipId' is defined but never used.  no-unused-vars
30:3  Warning: 'afterClipId' is defined but never used.  no-unused-vars
52:13  Warning: Using `<img>` could result in slower LCP and higher bandwidth. 
Consider using `<Image />` from `next/image` or a custom image loader to 
automatically optimize images. This may incur additional usage or cost from 
your provider. See: https://nextjs.org/docs/messages/no-img-element  
@next/next/no-img-element

./components/timeline/UploadModal.tsx
18:27  Warning: 'X' is defined but never used.  no-unused-vars
57:22  Warning: 'url' is defined but never used.  no-unused-vars
57:35  Warning: 's3Key' is defined but never used.  no-unused-vars
57:50  Warning: 'type' is defined but never used.  no-unused-vars
57:64  Warning: 'name' is defined but never used.  no-unused-vars

./components/ui/chart.tsx
12:4  Warning: 'k' is defined but never used.  no-unused-vars

./components/ui/glass-modal.tsx
5:10  Warning: 'SpotlightBorder' is defined but never used.  no-unused-vars

./components/ui/sidebar.tsx
38:13  Warning: 'open' is defined but never used.  no-unused-vars
40:19  Warning: 'open' is defined but never used.  no-unused-vars
67:19  Warning: 'open' is defined but never used.  no-unused-vars
77:25  Warning: 'value' is defined but never used.  no-unused-vars

./components/UnifiedChatPanel.js
201:10  Warning: 'showAttachmentMenu' is assigned a value but never used.  
no-unused-vars
253:6  Warning: React Hook useEffect has missing dependencies: 'setInput' and 
'state.input'. Either include them or remove the dependency array.  
react-hooks/exhaustive-deps

./components/video/AspectRatioSelector.tsx
9:49  Warning: 'Globe2Icon' is defined but never used.  no-unused-vars
66:14  Warning: 'value' is defined but never used.  no-unused-vars
257:14  Warning: 'aspectRatio' is defined but never used.  no-unused-vars

./components/video/EnhancementStudio.tsx
11:3  Warning: 'Play' is defined but never used.  no-unused-vars
222:21  Warning: 'value' is defined but never used.  no-unused-vars
223:15  Warning: 'result' is defined but never used.  no-unused-vars
224:14  Warning: 'error' is defined but never used.  no-unused-vars
981:11  Warning: Using `<img>` could result in slower LCP and higher 
bandwidth. Consider using `<Image />` from `next/image` or a custom image 
loader to automatically optimize images. This may incur additional usage or 
cost from your provider. See: https://nextjs.org/docs/messages/no-img-element  
@next/next/no-img-element

./components/video/PostProductionPanel.tsx
30:10  Warning: 'PlayCircle' is defined but never used.  no-unused-vars
36:17  Warning: 'result' is defined but never used.  no-unused-vars

./components/video/QuickVideoCard.tsx
4:27  Warning: 'Loader2' is defined but never used.  no-unused-vars
5:10  Warning: 'Button' is defined but never used.  no-unused-vars
6:10  Warning: 'Textarea' is defined but never used.  no-unused-vars
15:7  Warning: 'VIDEO_CONCEPTS' is assigned a value but never used.  
no-unused-vars
44:25  Warning: 'tier' is defined but never used.  no-unused-vars
46:24  Warning: 'resolution' is defined but never used.  no-unused-vars
48:25  Warning: 'ratio' is defined but never used.  no-unused-vars
50:22  Warning: 'concepts' is defined but never used.  no-unused-vars
52:26  Warning: 'motion' is defined but never used.  no-unused-vars
56:23  Warning: 'mode' is defined but never used.  no-unused-vars
58:24  Warning: 'file' is defined but never used.  no-unused-vars
60:22  Warning: 'file' is defined but never used.  no-unused-vars
62:29  Warning: 'files' is defined but never used.  no-unused-vars
64:22  Warning: 'duration' is defined but never used.  no-unused-vars
66:25  Warning: 'enabled' is defined but never used.  no-unused-vars
68:24  Warning: 'enabled' is defined but never used.  no-unused-vars
81:3  Warning: 'concepts' is defined but never used.  no-unused-vars
82:3  Warning: 'onConceptsChange' is defined but never used.  no-unused-vars
97:3  Warning: 'enableLoop' is defined but never used.  no-unused-vars
98:3  Warning: 'onEnableLoopChange' is defined but never used.  no-unused-vars
100:3  Warning: 'isGenerating' is defined but never used.  no-unused-vars
102:10  Warning: 'showAdvanced' is assigned a value but never used.  
no-unused-vars
102:24  Warning: 'setShowAdvanced' is assigned a value but never used.  
no-unused-vars
238:9  Warning: 'creditCost' is assigned a value but never used.  
no-unused-vars
345:21  Warning: Using `<img>` could result in slower LCP and higher 
bandwidth. Consider using `<Image />` from `next/image` or a custom image 
loader to automatically optimize images. This may incur additional usage or 
cost from your provider. See: https://nextjs.org/docs/messages/no-img-element  
@next/next/no-img-element
394:23  Warning: Using `<img>` could result in slower LCP and higher 
bandwidth. Consider using `<Image />` from `next/image` or a custom image 
loader to automatically optimize images. This may incur additional usage or 
cost from your provider. See: https://nextjs.org/docs/messages/no-img-element  
@next/next/no-img-element
457:25  Warning: Using `<img>` could result in slower LCP and higher 
bandwidth. Consider using `<Image />` from `next/image` or a custom image 
loader to automatically optimize images. This may incur additional usage or 
cost from your provider. See: https://nextjs.org/docs/messages/no-img-element  
@next/next/no-img-element
585:27  Warning: Using `<img>` could result in slower LCP and higher 
bandwidth. Consider using `<Image />` from `next/image` or a custom image 
loader to automatically optimize images. This may incur additional usage or 
cost from your provider. See: https://nextjs.org/docs/messages/no-img-element  
@next/next/no-img-element

./components/video/VideoActionDialog.tsx
4:27  Warning: 'LinkIcon' is defined but never used.  no-unused-vars
18:22  Warning: 'assetName' is defined but never used.  no-unused-vars

./components/VoiceCloningConsentModal.js
4:65  Warning: 'Upload' is defined but never used.  no-unused-vars
33:10  Warning: 'thirdPartyFile' is assigned a value but never used.  
no-unused-vars

./components/VoiceConsentSettings.js
91:34  Warning: 'consentId' is defined but never used.  no-unused-vars

./lib/adminApi.ts
206:6  Warning: React Hook useEffect has a missing dependency: 'refresh'. 
Either include it or remove the dependency array.  react-hooks/exhaustive-deps
475:6  Warning: React Hook useEffect has a missing dependency: 'refresh'. 
Either include it or remove the dependency array.  react-hooks/exhaustive-deps

info  - Need to disable some ESLint rules? Learn more here: 
https://nextjs.org/docs/app/api-reference/config/eslint#disabling-rules
